GAMS 45.2.0  e4d2ee31 Oct 30, 2023          WEX-WEI x86 64bit/MS Windows - 12/28/25 15:24:56 Page 1
Basic CGE Model 1.2
C o m p i l a t i o n


   2   
   3  *----------------------------------------------------------------------------------------------------
   4  *This is a simple single-region, single-sector, two-factor, close-economy CGE model.
   5  *The firm maximizes its profit subjected to constant return-to-scale CES technology.
   6  *The households allocate a fixed proportion of its income as savings, which turn to investments,
   7  *and then maximize its utility (following a log function) subjected to the budget constraint.
   8  *The government levies a production tax and a direct tax, and uses its income to purchase.
   9  *It may operate with a constant (under FixGovSave) or flexible (under FixGovCons) fiscal surplus.
  10  *There are no exports/imports.
  11  *In total, there are three markets: the goods market & two factor markets.
  12  *----------------------------------------------------------------------------------------------------
  13   


COMPILATION TIME     =        0.016 SECONDS      3 MB  45.2.0 e4d2ee31 WEX-WEI
GAMS 45.2.0  e4d2ee31 Oct 30, 2023          WEX-WEI x86 64bit/MS Windows - 12/28/25 15:24:56 Page 2
Basic CGE Model 1.2
E x e c u t i o n


----     36 SET t  time frame

base ,    homo ,    labup,    capup,    totup


----    259 VARIABLE PAT.L  Price of activity output (pre-tax)

base  0.924,    homo  0.924,    labup 0.924,    capup 0.924,    totup 0.924


----    259 VARIABLE QL.L  Quantities of labor demand

base  69.222,    homo  69.222,    labup 69.222,    capup 69.222,    totup 69.222


----    259 VARIABLE QK.L  Quantities of capital demand

base  39.728,    homo  39.728,    labup 39.728,    capup 39.728,    totup 39.728


----    259 VARIABLE QA.L  Quantities of activity output

base  117.908,    homo  117.908,    labup 117.908,    capup 117.908,    totup 117.908


----    259 VARIABLE QP.L  Quantities of households composite goods

base  57.193,    homo  57.193,    labup 57.193,    capup 57.193,    totup 57.193


----    259 VARIABLE QG.L  Quantities of government composite goods

base  17.363,    homo  17.363,    labup 17.363,    capup 17.363,    totup 17.363


----    259 VARIABLE QI.L  Quantities of investment composite goods

base  43.352,    homo  43.352,    labup 43.352,    capup 43.352,    totup 43.352


----    259 VARIABLE YPC.L  Values of households consumption

base  57.193,    homo  57.193,    labup 57.193,    capup 57.193,    totup 57.193


----    259 VARIABLE YPS.L  Values of households savings

base  50.343,    homo  50.343,    labup 50.343,    capup 50.343,    totup 50.343


----    259 VARIABLE YP.L  Values of households income

base  107.537,    homo  107.537,    labup 107.537,    capup 107.537,    totup 107.537


----    259 VARIABLE YGC.L  Values of government purchase

base  17.363,    homo  17.363,    labup 17.363,    capup 17.363,    totup 17.363


----    259 VARIABLE YGS.L  Values of government fiscal surplus

base  -6.991,    homo  -6.991,    labup -6.991,    capup -6.991,    totup -6.991


----    259 VARIABLE YG.L  Values of government income

base  10.371,    homo  10.371,    labup 10.371,    capup 10.371,    totup 10.371


----    259 VARIABLE YI.L  Values of investment expenditures

base  43.352,    homo  43.352,    labup 43.352,    capup 43.352,    totup 43.352


----    277 PARAMETER alpl  Cost share of labor in production function

base  0.596,    homo  0.596,    labup 0.596,    capup 0.596,    totup 0.596


----    277 PARAMETER alpk  Cost share of capital in production function

base  0.342,    homo  0.342,    labup 0.342,    capup 0.342,    totup 0.342


----    277 PARAMETER a  Total factor productivity in production function

base  2.670,    homo  2.670,    labup 2.670,    capup 2.670,    totup 2.670


----    277 VARIABLE txp.L  Tax rate on production

base  0.082,    homo  0.082,    labup 0.082,    capup 0.082,    totup 0.082


----    277 VARIABLE betas.L  Households saving propensity

base  0.468,    homo  0.468,    labup 0.468,    capup 0.468,    totup 0.468


----    277 VARIABLE txh.L  Tax rate on households income

base  0.013,    homo  0.013,    labup 0.013,    capup 0.013,    totup 0.013


----    277 PARAMETER rgc  Real government purchase

base  17.363,    homo  17.363,    labup 17.363,    capup 17.363,    totup 17.363


----    277 PARAMETER rgs  Real government savings

base  -6.991,    homo  -6.991,    labup -6.991,    capup -6.991,    totup -6.991


----    277 PARAMETER lb  Exogenous labor endowment

base  69.222,    homo  69.222,    labup 69.222,    capup 69.222,    totup 69.222


----    277 PARAMETER kb  Exogenous capital endowment

base  39.728,    homo  39.728,    labup 39.728,    capup 39.728,    totup 39.728

GAMS 45.2.0  e4d2ee31 Oct 30, 2023          WEX-WEI x86 64bit/MS Windows - 12/28/25 15:24:56 Page 3
Basic CGE Model 1.2
Range Statistics    SOLVE main_model Using MCP From line 323


RANGE STATISTICS (ABSOLUTE NON-ZERO FINITE VALUES)

RHS       [min, max] : [ 9.240E-01, 6.922E+01] - Zero values observed as well
Bound     [min, max] : [        NA,        NA] - Zero values observed as well
Matrix    [min, max] : [ 1.297E-02, 6.832E+01]

GAMS 45.2.0  e4d2ee31 Oct 30, 2023          WEX-WEI x86 64bit/MS Windows - 12/28/25 15:24:56 Page 4
Basic CGE Model 1.2
Model Statistics    SOLVE main_model Using MCP From line 323


LOOPS                                 tsim   base


MODEL STATISTICS

BLOCKS OF EQUATIONS          22     SINGLE EQUATIONS           22
BLOCKS OF VARIABLES          26     SINGLE VARIABLES           22
NON ZERO ELEMENTS            63     NON LINEAR N-Z             32
CODE LENGTH                  85     CONSTANT POOL              23


GENERATION TIME      =        0.015 SECONDS      4 MB  45.2.0 e4d2ee31 WEX-WEI
               L O O P S               tsim base

GAMS 45.2.0  e4d2ee31 Oct 30, 2023          WEX-WEI x86 64bit/MS Windows - 12/28/25 15:24:56 Page 5
Basic CGE Model 1.2
Solution Report     SOLVE main_model Using MCP From line 323


               S O L V E      S U M M A R Y

     MODEL   main_model          
     TYPE    MCP                 
     SOLVER  PATH                FROM LINE  323

**** SOLVER STATUS     1 Normal Completion
**** MODEL STATUS      1 Optimal

 RESOURCE USAGE, LIMIT          0.015 10000000000.000
 ITERATION COUNT, LIMIT         0    2147483647
 EVALUATION ERRORS              0             0
22 row/cols, 63 non-zeros, 13.02% dense.

Path 5.0.07 (Mon Oct 30 08:41:47 2023)
Written by Todd Munson, Steven Dirkse, Youngdae Kim, and Michael Ferris

INITIAL POINT STATISTICS
Maximum of X. . . . . . . . . .  1.1791e+02 var: (QA(base))
Maximum of F. . . . . . . . . .  1.0000e-03 eqn: (YPC_eq(base))
Maximum of Grad F . . . . . . .  6.8324e+01 eqn: (YP_eq(base))
                                            var: (PL(base))

INITIAL JACOBIAN NORM STATISTICS
Maximum Row Norm. . . . . . . .  1.1051e+02 eqn: (YP_eq(base))
Minimum Row Norm. . . . . . . .  7.5100e-01 eqn: (QA_eq(base))
Maximum Column Norm . . . . . .  8.3544e+01 var: (PL(base))
Minimum Column Norm . . . . . .  1.0000e+00 var: (QP(base))

FINAL STATISTICS
Inf-Norm of Complementarity . .  5.3291e-15 eqn: (YG_eq(base))
Inf-Norm of Normal Map. . . . .  5.3291e-15 eqn: (YG_eq(base))
Inf-Norm of Minimum Map . . . .  5.3291e-15 eqn: (YG_eq(base))
Inf-Norm of Fischer Function. .  5.3291e-15 eqn: (YG_eq(base))
Inf-Norm of Grad Fischer Fcn. .  4.7312e-15 eqn: (PL_eq(base))
Two-Norm of Grad Fischer Fcn. .  6.7608e-15

FINAL POINT STATISTICS
Maximum of X. . . . . . . . . .  1.1791e+02 var: (QA(base))
Maximum of F. . . . . . . . . .  5.3291e-15 eqn: (YG_eq(base))
Maximum of Grad F . . . . . . .  6.8324e+01 eqn: (YP_eq(base))
                                            var: (PL(base))



**** REPORT SUMMARY :        0     NONOPT
                             0 INFEASIBLE
                             0  UNBOUNDED
                             0  REDEFINED
                             0     ERRORS
GAMS 45.2.0  e4d2ee31 Oct 30, 2023          WEX-WEI x86 64bit/MS Windows - 12/28/25 15:24:56 Page 6
Basic CGE Model 1.2
Range Statistics    SOLVE main_model Using MCP From line 323


RANGE STATISTICS (ABSOLUTE NON-ZERO FINITE VALUES)

RHS       [min, max] : [ 1.386E+00, 6.922E+01] - Zero values observed as well
Bound     [min, max] : [        NA,        NA] - Zero values observed as well
Matrix    [min, max] : [ 1.297E-02, 6.832E+01]

GAMS 45.2.0  e4d2ee31 Oct 30, 2023          WEX-WEI x86 64bit/MS Windows - 12/28/25 15:24:56 Page 7
Basic CGE Model 1.2
Model Statistics    SOLVE main_model Using MCP From line 323


LOOPS                                 tsim   homo


MODEL STATISTICS

BLOCKS OF EQUATIONS          22     SINGLE EQUATIONS           22
BLOCKS OF VARIABLES          26     SINGLE VARIABLES           22
NON ZERO ELEMENTS            63     NON LINEAR N-Z             32
CODE LENGTH                  85     CONSTANT POOL              23


GENERATION TIME      =        0.016 SECONDS      4 MB  45.2.0 e4d2ee31 WEX-WEI
               L O O P S               tsim homo

GAMS 45.2.0  e4d2ee31 Oct 30, 2023          WEX-WEI x86 64bit/MS Windows - 12/28/25 15:24:56 Page 8
Basic CGE Model 1.2
Solution Report     SOLVE main_model Using MCP From line 323


               S O L V E      S U M M A R Y

     MODEL   main_model          
     TYPE    MCP                 
     SOLVER  PATH                FROM LINE  323

**** SOLVER STATUS     1 Normal Completion
**** MODEL STATUS      1 Optimal

 RESOURCE USAGE, LIMIT          0.016 10000000000.000
 ITERATION COUNT, LIMIT         2    2147483647
 EVALUATION ERRORS              0             0
22 row/cols, 63 non-zeros, 13.02% dense.

Path 5.0.07 (Mon Oct 30 08:41:47 2023)
Written by Todd Munson, Steven Dirkse, Youngdae Kim, and Michael Ferris

INITIAL POINT STATISTICS
Maximum of X. . . . . . . . . .  1.1791e+02 var: (QA(homo))
Maximum of F. . . . . . . . . .  8.6825e+00 eqn: (YGS_eq(homo))
Maximum of Grad F . . . . . . .  6.8324e+01 eqn: (YP_eq(homo))
                                            var: (PL(homo))

INITIAL JACOBIAN NORM STATISTICS
Maximum Row Norm. . . . . . . .  1.1051e+02 eqn: (YP_eq(homo))
Minimum Row Norm. . . . . . . .  7.5100e-01 eqn: (QA_eq(homo))
Maximum Column Norm . . . . . .  8.4713e+01 var: (PL(homo))
Minimum Column Norm . . . . . .  1.0000e+00 var: (QP(homo))

FINAL STATISTICS
Inf-Norm of Complementarity . .  2.2765e-08 eqn: (QL_eq(homo))
Inf-Norm of Normal Map. . . . .  2.2765e-08 eqn: (QL_eq(homo))
Inf-Norm of Minimum Map . . . .  2.2765e-08 eqn: (QL_eq(homo))
Inf-Norm of Fischer Function. .  2.2765e-08 eqn: (QL_eq(homo))
Inf-Norm of Grad Fischer Fcn. .  2.1013e-07 eqn: (PL_eq(homo))
Two-Norm of Grad Fischer Fcn. .  2.2350e-07

FINAL POINT STATISTICS
Maximum of X. . . . . . . . . .  1.6131e+02 var: (YP(homo))
Maximum of F. . . . . . . . . .  2.2765e-08 eqn: (QL_eq(homo))
Maximum of Grad F . . . . . . .  6.8324e+01 eqn: (YP_eq(homo))
                                            var: (PL(homo))



**** REPORT SUMMARY :        0     NONOPT
                             0 INFEASIBLE
                             0  UNBOUNDED
                             0  REDEFINED
                             0     ERRORS
GAMS 45.2.0  e4d2ee31 Oct 30, 2023          WEX-WEI x86 64bit/MS Windows - 12/28/25 15:24:56 Page 9
Basic CGE Model 1.2
Range Statistics    SOLVE main_model Using MCP From line 323


RANGE STATISTICS (ABSOLUTE NON-ZERO FINITE VALUES)

RHS       [min, max] : [ 9.240E-01, 6.922E+01] - Zero values observed as well
Bound     [min, max] : [        NA,        NA] - Zero values observed as well
Matrix    [min, max] : [ 1.297E-02, 6.832E+01]

GAMS 45.2.0  e4d2ee31 Oct 30, 2023          WEX-WEI x86 64bit/MS Windows - 12/28/25 15:24:56 Page 10
Basic CGE Model 1.2
Model Statistics    SOLVE main_model Using MCP From line 323


LOOPS                                 tsim   labup


MODEL STATISTICS

BLOCKS OF EQUATIONS          22     SINGLE EQUATIONS           22
BLOCKS OF VARIABLES          26     SINGLE VARIABLES           22
NON ZERO ELEMENTS            63     NON LINEAR N-Z             32
CODE LENGTH                  86     CONSTANT POOL              25


GENERATION TIME      =        0.000 SECONDS      4 MB  45.2.0 e4d2ee31 WEX-WEI
               L O O P S               tsim labup

GAMS 45.2.0  e4d2ee31 Oct 30, 2023          WEX-WEI x86 64bit/MS Windows - 12/28/25 15:24:56 Page 11
Basic CGE Model 1.2
Solution Report     SOLVE main_model Using MCP From line 323


               S O L V E      S U M M A R Y

     MODEL   main_model          
     TYPE    MCP                 
     SOLVER  PATH                FROM LINE  323

**** SOLVER STATUS     1 Normal Completion
**** MODEL STATUS      1 Optimal

 RESOURCE USAGE, LIMIT          0.016 10000000000.000
 ITERATION COUNT, LIMIT         3    2147483647
 EVALUATION ERRORS              0             0
22 row/cols, 63 non-zeros, 13.02% dense.

Path 5.0.07 (Mon Oct 30 08:41:47 2023)
Written by Todd Munson, Steven Dirkse, Youngdae Kim, and Michael Ferris

INITIAL POINT STATISTICS
Maximum of X. . . . . . . . . .  1.1791e+02 var: (QA(labup))
Maximum of F. . . . . . . . . .  1.9176e+01 eqn: (QL_eq(labup))
Maximum of Grad F . . . . . . .  6.8324e+01 eqn: (YP_eq(labup))
                                            var: (PL(labup))

INITIAL JACOBIAN NORM STATISTICS
Maximum Row Norm. . . . . . . .  1.1051e+02 eqn: (YP_eq(labup))
Minimum Row Norm. . . . . . . .  6.1882e-01 eqn: (QA_eq(labup))
Maximum Column Norm . . . . . .  7.9576e+01 var: (PL(labup))
Minimum Column Norm . . . . . .  8.3737e-01 var: (QA(labup))

FINAL STATISTICS
Inf-Norm of Complementarity . .  4.7230e-08 eqn: (QL_eq(labup))
Inf-Norm of Normal Map. . . . .  4.7230e-08 eqn: (QL_eq(labup))
Inf-Norm of Minimum Map . . . .  4.7230e-08 eqn: (QL_eq(labup))
Inf-Norm of Fischer Function. .  4.7230e-08 eqn: (QL_eq(labup))
Inf-Norm of Grad Fischer Fcn. .  1.3576e-06 eqn: (PL_eq(labup))
Two-Norm of Grad Fischer Fcn. .  1.3586e-06

FINAL POINT STATISTICS
Maximum of X. . . . . . . . . .  1.4092e+02 var: (QA(labup))
Maximum of F. . . . . . . . . .  4.7230e-08 eqn: (QL_eq(labup))
Maximum of Grad F . . . . . . .  6.8355e+01 eqn: (PP_eq(labup))
                                            var: (PP(labup))



**** REPORT SUMMARY :        0     NONOPT
                             0 INFEASIBLE
                             0  UNBOUNDED
                             0  REDEFINED
                             0     ERRORS
GAMS 45.2.0  e4d2ee31 Oct 30, 2023          WEX-WEI x86 64bit/MS Windows - 12/28/25 15:24:56 Page 12
Basic CGE Model 1.2
Range Statistics    SOLVE main_model Using MCP From line 323


RANGE STATISTICS (ABSOLUTE NON-ZERO FINITE VALUES)

RHS       [min, max] : [ 9.240E-01, 6.922E+01] - Zero values observed as well
Bound     [min, max] : [        NA,        NA] - Zero values observed as well
Matrix    [min, max] : [ 1.297E-02, 6.832E+01]

GAMS 45.2.0  e4d2ee31 Oct 30, 2023          WEX-WEI x86 64bit/MS Windows - 12/28/25 15:24:56 Page 13
Basic CGE Model 1.2
Model Statistics    SOLVE main_model Using MCP From line 323


LOOPS                                 tsim   capup


MODEL STATISTICS

BLOCKS OF EQUATIONS          22     SINGLE EQUATIONS           22
BLOCKS OF VARIABLES          26     SINGLE VARIABLES           22
NON ZERO ELEMENTS            63     NON LINEAR N-Z             32
CODE LENGTH                  86     CONSTANT POOL              25


GENERATION TIME      =        0.000 SECONDS      4 MB  45.2.0 e4d2ee31 WEX-WEI
               L O O P S               tsim capup

GAMS 45.2.0  e4d2ee31 Oct 30, 2023          WEX-WEI x86 64bit/MS Windows - 12/28/25 15:24:56 Page 14
Basic CGE Model 1.2
Solution Report     SOLVE main_model Using MCP From line 323


               S O L V E      S U M M A R Y

     MODEL   main_model          
     TYPE    MCP                 
     SOLVER  PATH                FROM LINE  323

**** SOLVER STATUS     1 Normal Completion
**** MODEL STATUS      1 Optimal

 RESOURCE USAGE, LIMIT          0.016 10000000000.000
 ITERATION COUNT, LIMIT         4    2147483647
 EVALUATION ERRORS              0             0
22 row/cols, 63 non-zeros, 13.02% dense.

Path 5.0.07 (Mon Oct 30 08:41:47 2023)
Written by Todd Munson, Steven Dirkse, Youngdae Kim, and Michael Ferris

INITIAL POINT STATISTICS
Maximum of X. . . . . . . . . .  1.1791e+02 var: (QA(capup))
Maximum of F. . . . . . . . . .  1.1005e+01 eqn: (QK_eq(capup))
Maximum of Grad F . . . . . . .  6.8324e+01 eqn: (YP_eq(capup))
                                            var: (PL(capup))

INITIAL JACOBIAN NORM STATISTICS
Maximum Row Norm. . . . . . . .  1.1051e+02 eqn: (YP_eq(capup))
Minimum Row Norm. . . . . . . .  6.7513e-01 eqn: (QA_eq(capup))
Maximum Column Norm . . . . . .  8.3544e+01 var: (PL(capup))
Minimum Column Norm . . . . . .  9.0666e-01 var: (QA(capup))

FINAL STATISTICS
Inf-Norm of Complementarity . .  2.5771e-10 eqn: (QK_eq(capup))
Inf-Norm of Normal Map. . . . .  2.5771e-10 eqn: (QK_eq(capup))
Inf-Norm of Minimum Map . . . .  2.5771e-10 eqn: (QK_eq(capup))
Inf-Norm of Fischer Function. .  2.5771e-10 eqn: (QK_eq(capup))
Inf-Norm of Grad Fischer Fcn. .  6.7235e-09 eqn: (PK_eq(capup))
Two-Norm of Grad Fischer Fcn. .  6.7290e-09

FINAL POINT STATISTICS
Maximum of X. . . . . . . . . .  1.2857e+02 var: (QA(capup))
Maximum of F. . . . . . . . . .  2.5771e-10 eqn: (QK_eq(capup))
Maximum of Grad F . . . . . . .  6.8324e+01 eqn: (YP_eq(capup))
                                            var: (PL(capup))


**** ERRORS/WARNINGS IN EQUATION QK_eq(capup)
     1 error(s): div: FUNC SINGULAR: x/y, |y| <= 1e-150 (RETURNED 1E299)


**** REPORT SUMMARY :        0     NONOPT
                             0 INFEASIBLE
                             0  UNBOUNDED
                             0  REDEFINED
                             1     ERRORS ( ****)
GAMS 45.2.0  e4d2ee31 Oct 30, 2023          WEX-WEI x86 64bit/MS Windows - 12/28/25 15:24:56 Page 15
Basic CGE Model 1.2
Range Statistics    SOLVE main_model Using MCP From line 323


RANGE STATISTICS (ABSOLUTE NON-ZERO FINITE VALUES)

RHS       [min, max] : [ 9.240E-01, 6.922E+01] - Zero values observed as well
Bound     [min, max] : [        NA,        NA] - Zero values observed as well
Matrix    [min, max] : [ 1.297E-02, 6.832E+01]

GAMS 45.2.0  e4d2ee31 Oct 30, 2023          WEX-WEI x86 64bit/MS Windows - 12/28/25 15:24:56 Page 16
Basic CGE Model 1.2
Model Statistics    SOLVE main_model Using MCP From line 323


LOOPS                                 tsim   totup


MODEL STATISTICS

BLOCKS OF EQUATIONS          22     SINGLE EQUATIONS           22
BLOCKS OF VARIABLES          26     SINGLE VARIABLES           22
NON ZERO ELEMENTS            63     NON LINEAR N-Z             32
CODE LENGTH                  87     CONSTANT POOL              26


GENERATION TIME      =        0.000 SECONDS      4 MB  45.2.0 e4d2ee31 WEX-WEI
               L O O P S               tsim totup

GAMS 45.2.0  e4d2ee31 Oct 30, 2023          WEX-WEI x86 64bit/MS Windows - 12/28/25 15:24:56 Page 17
Basic CGE Model 1.2
Solution Report     SOLVE main_model Using MCP From line 323


               S O L V E      S U M M A R Y

     MODEL   main_model          
     TYPE    MCP                 
     SOLVER  PATH                FROM LINE  323

**** SOLVER STATUS     1 Normal Completion
**** MODEL STATUS      1 Optimal

 RESOURCE USAGE, LIMIT          0.015 10000000000.000
 ITERATION COUNT, LIMIT         2    2147483647
 EVALUATION ERRORS              0             0
22 row/cols, 63 non-zeros, 13.02% dense.

Path 5.0.07 (Mon Oct 30 08:41:47 2023)
Written by Todd Munson, Steven Dirkse, Youngdae Kim, and Michael Ferris

INITIAL POINT STATISTICS
Maximum of X. . . . . . . . . .  1.1791e+02 var: (QA(totup))
Maximum of F. . . . . . . . . .  1.9176e+01 eqn: (QL_eq(totup))
Maximum of Grad F . . . . . . .  6.8324e+01 eqn: (YP_eq(totup))
                                            var: (PL(totup))

INITIAL JACOBIAN NORM STATISTICS
Maximum Row Norm. . . . . . . .  1.1051e+02 eqn: (YP_eq(totup))
Minimum Row Norm. . . . . . . .  5.4296e-01 eqn: (QA_eq(totup))
Maximum Column Norm . . . . . .  7.9576e+01 var: (PL(totup))
Minimum Column Norm . . . . . .  7.4403e-01 var: (QA(totup))

FINAL STATISTICS
Inf-Norm of Complementarity . .  2.1835e-09 eqn: (QL_eq(totup))
Inf-Norm of Normal Map. . . . .  2.1835e-09 eqn: (QL_eq(totup))
Inf-Norm of Minimum Map . . . .  2.1835e-09 eqn: (QL_eq(totup))
Inf-Norm of Fischer Function. .  2.1835e-09 eqn: (QL_eq(totup))
Inf-Norm of Grad Fischer Fcn. .  2.0143e-08 eqn: (PL_eq(totup))
Two-Norm of Grad Fischer Fcn. .  2.1386e-08

FINAL POINT STATISTICS
Maximum of X. . . . . . . . . .  1.7686e+02 var: (QA(totup))
Maximum of F. . . . . . . . . .  2.1835e-09 eqn: (QL_eq(totup))
Maximum of Grad F . . . . . . .  8.5791e+01 eqn: (PP_eq(totup))
                                            var: (PP(totup))



**** REPORT SUMMARY :        0     NONOPT
                             0 INFEASIBLE
                             0  UNBOUNDED
                             0  REDEFINED
                             0     ERRORS
GAMS 45.2.0  e4d2ee31 Oct 30, 2023          WEX-WEI x86 64bit/MS Windows - 12/28/25 15:24:56 Page 18
Basic CGE Model 1.2
E x e c u t i o n


----    384 PARAMETER patck  Check changes in PAT

homo 50.000


----    384 PARAMETER ppck  Check changes in PP

homo 50.000


----    384 PARAMETER pgck  Check changes in PG

homo 50.000


----    384 PARAMETER pick  Check changes in PI

homo 50.000


----    384 PARAMETER plck  Check changes in PL

homo   50.000,    labup -51.835,    capup  54.145,    totup  50.000


----    384 PARAMETER pkck  Check changes in PK

homo   50.000,    labup 143.833,    capup -69.552,    totup  50.000


----    384 PARAMETER pack  Check changes in PA

homo 50.000


----    386 PARAMETER qlck  Check changes in QL

                      ( ALL       0.000 )


----    386 PARAMETER qkck  Check changes in QK

                      ( ALL       0.000 )


----    386 PARAMETER qack  Check changes in QA

homo  3.209891E-8,    labup      19.514,    capup       9.040,    totup      50.000


----    386 PARAMETER qpck  Check changes in QP

homo  -3.94296E-9,    labup      19.514,    capup       9.040,    totup      50.000


----    386 PARAMETER ypcck  Check changes in YPC

homo  50.000,    labup 19.514,    capup  9.040,    totup 50.000


----    386 PARAMETER ypsck  Check changes in YPS

homo  50.000,    labup 19.514,    capup  9.040,    totup 50.000


----    386 PARAMETER ypck  Check changes in YP

homo  50.000,    labup 19.514,    capup  9.040,    totup 50.000


----    386 PARAMETER upck  Check changes in UP

homo  -9.7443E-10,    labup       4.405,    capup       2.139,    totup      10.020


----    386 PARAMETER qgck  Check changes in QG

                      ( ALL       0.000 )


----    386 PARAMETER ygcck  Check changes in YGC

homo 50.000


----    386 PARAMETER ygsck  Check changes in YGS

homo   50.000,    labup -28.944,    capup -13.409,    totup -74.163


----    386 PARAMETER ygck  Check changes in YG

homo  50.000,    labup 19.514,    capup  9.040,    totup 50.000


----    386 PARAMETER qick  Check changes in QI

homo  1.925485E-9,    labup      27.330,    capup      12.661,    totup      70.026


----    386 PARAMETER yick  Check changes in YI

homo  50.000,    labup 27.330,    capup 12.661,    totup 70.026


----    386 PARAMETER gdpck  Check changes in GDP

homo  50.000,    labup 19.514,    capup  9.040,    totup 50.000


----    392 VARIABLE PAT.L  Price of activity output (pre-tax)

base  0.924,    homo  1.386,    labup 0.924,    capup 0.924,    totup 0.924


----    392 VARIABLE PP.L  Price of households composite goods

base  1.000,    homo  1.500,    labup 1.000,    capup 1.000,    totup 1.000


----    392 VARIABLE PG.L  Price of government composite goods

base  1.000,    homo  1.500,    labup 1.000,    capup 1.000,    totup 1.000


----    392 VARIABLE PI.L  Price of investment composite goods

base  1.000,    homo  1.500,    labup 1.000,    capup 1.000,    totup 1.000


----    392 VARIABLE PL.L  Price of labor (wages)

base  1.000,    homo  1.500,    labup 0.482,    capup 1.541,    totup 1.500


----    392 VARIABLE PK.L  Price of capital (rents)

base  1.000,    homo  1.500,    labup 2.438,    capup 0.304,    totup 1.500


----    392 VARIABLE PA.L  Price of activity output

base  1.000,    homo  1.500,    labup 1.000,    capup 1.000,    totup 1.000


----    394 VARIABLE QL.L  Quantities of labor demand

base  69.222,    homo  69.222,    labup 69.222,    capup 69.222,    totup 69.222


----    394 VARIABLE QK.L  Quantities of capital demand

base  39.728,    homo  39.728,    labup 39.728,    capup 39.728,    totup 39.728


----    394 VARIABLE QA.L  Quantities of activity output

base  117.908,    homo  117.908,    labup 140.916,    capup 128.567,    totup 176.862


----    394 VARIABLE QP.L  Quantities of households composite goods

base  57.194,    homo  57.194,    labup 68.355,    capup 62.364,    totup 85.791


----    394 VARIABLE YPC.L  Values of households consumption

base  57.194,    homo  85.791,    labup 68.355,    capup 62.364,    totup 85.791


----    394 VARIABLE YPS.L  Values of households savings

base  50.343,    homo  75.514,    labup 60.167,    capup 54.894,    totup 75.514


----    394 VARIABLE YP.L  Values of households income

base  107.537,    homo  161.305,    labup 128.522,    capup 117.258,    totup 161.305


----    394 VARIABLE UP.L  Values of households utility

base  4.046,    homo  4.046,    labup 4.225,    capup 4.133,    totup 4.452


----    394 VARIABLE QG.L  Quantities of government composite goods

base  17.363,    homo  17.363,    labup 17.363,    capup 17.363,    totup 17.363


----    394 VARIABLE YGC.L  Values of government purchase

base  17.363,    homo  26.044,    labup 17.363,    capup 17.363,    totup 17.363


----    394 VARIABLE YGS.L  Values of government fiscal surplus

base   -6.992,    homo  -10.488,    labup  -4.968,    capup  -6.054,    totup  -1.807


----    394 VARIABLE YG.L  Values of government income

base  10.371,    homo  15.557,    labup 12.395,    capup 11.309,    totup 15.556


----    394 VARIABLE QI.L  Quantities of investment composite goods

base  43.351,    homo  43.351,    labup 55.199,    capup 48.840,    totup 73.708


----    394 VARIABLE YI.L  Values of investment expenditures

base  43.351,    homo  65.027,    labup 55.199,    capup 48.840,    totup 73.708


----    394 VARIABLE GDP.L  Gross domestic production

base  117.908,    homo  176.862,    labup 140.916,    capup 128.567,    totup 176.862


----    400 VARIABLE D.L  Dummy variable for WALRAS test

base  1.42109E-14,    homo  -3.92676E-8,    labup -4.23663E-8,    capup -1.3659E-10,    totup -5.6843E-14



EXECUTION TIME       =        0.469 SECONDS      4 MB  45.2.0 e4d2ee31 WEX-WEI


USER: Medium MUD - 10 User License                   S230614|0002AO-WIN
      Tianjin University of Technology, School of Management    DC16610
      License for teaching and research at degree granting institutions


**** FILE SUMMARY

Input      D:\Leo Yan\OneDrive\Academic\CGE Projects\Basic CGE model\gams\BA-CGE_1.2.gms
Output     D:\Leo Yan\OneDrive\Academic\CGE Projects\Basic CGE model\gams\BA-CGE_1.2.lst
