GAMS 45.2.0  e4d2ee31 Oct 30, 2023          WEX-WEI x86 64bit/MS Windows - 12/17/25 15:37:16 Page 1
Basic CGE Model 1.1
C o m p i l a t i o n


   2   
   3  *----------------------------------------------------------------------------------------------------
   4  *This is a simple single-region, single-sector, two-factor, close-economy CGE model.
   5  *The firm maximizes its profit subjected to constant return-to-scale CES technology.
   6  *The households allocate a fixed proportion of its income as savings, which forms into investments,
   7  *and then maximize its utility (following a log function) subjected to the budget constraint.
   8  *There are no governments, nor the exports/imports.
   9  *In total, there are three markets: the goods market & two factor markets.
  10  *----------------------------------------------------------------------------------------------------
  11   


COMPILATION TIME     =        0.000 SECONDS      3 MB  45.2.0 e4d2ee31 WEX-WEI
GAMS 45.2.0  e4d2ee31 Oct 30, 2023          WEX-WEI x86 64bit/MS Windows - 12/17/25 15:37:16 Page 2
Basic CGE Model 1.1
E x e c u t i o n


----     28 SET t  time frame

base ,    homo ,    labup,    capup,    totup


----    149 VARIABLE L.L  Quantities of labor

base  78.180,    homo  78.180,    labup 78.180,    capup 78.180,    totup 78.180


----    149 VARIABLE K.L  Quantities of capital

base  39.728,    homo  39.728,    labup 39.728,    capup 39.728,    totup 39.728


----    149 VARIABLE Q.L  Quantities of goods

base  117.908,    homo  117.908,    labup 117.908,    capup 117.908,    totup 117.908


----    149 VARIABLE Y.L  Values of households income

base  117.908,    homo  117.908,    labup 117.908,    capup 117.908,    totup 117.908


----    149 VARIABLE C.L  Values of households consumption

base  74.556,    homo  74.556,    labup 74.556,    capup 74.556,    totup 74.556


----    149 VARIABLE I.L  Values of investment expenditures

base  43.352,    homo  43.352,    labup 43.352,    capup 43.352,    totup 43.352


----    149 VARIABLE U.L  Values of households utility

base  4.312,    homo  4.312,    labup 4.312,    capup 4.312,    totup 4.312


----    162 PARAMETER alpl  Cost share of labor in production function

base  0.663,    homo  0.663,    labup 0.663,    capup 0.663,    totup 0.663


----    162 PARAMETER alpk  Cost share of capital in production function

base  0.337,    homo  0.337,    labup 0.337,    capup 0.337,    totup 0.337


----    162 PARAMETER a  Total factor productivity in production function

base  1.895,    homo  1.895,    labup 1.895,    capup 1.895,    totup 1.895


----    162 PARAMETER betas  Households saving propensity

base  0.368,    homo  0.368,    labup 0.368,    capup 0.368,    totup 0.368


----    162 PARAMETER lb  Exogenous labor endowment

base  78.180,    homo  78.180,    labup 78.180,    capup 78.180,    totup 78.180


----    162 PARAMETER kb  Exogenous capital endowment

base  39.728,    homo  39.728,    labup 39.728,    capup 39.728,    totup 39.728

GAMS 45.2.0  e4d2ee31 Oct 30, 2023          WEX-WEI x86 64bit/MS Windows - 12/17/25 15:37:16 Page 3
Basic CGE Model 1.1
Range Statistics    SOLVE main_model Using MCP From line 197


RANGE STATISTICS (ABSOLUTE NON-ZERO FINITE VALUES)

RHS       [min, max] : [ 1.000E+00, 7.818E+01] - Zero values observed as well
Bound     [min, max] : [        NA,        NA] - Zero values observed as well
Matrix    [min, max] : [ 1.341E-02, 1.564E+02]

GAMS 45.2.0  e4d2ee31 Oct 30, 2023          WEX-WEI x86 64bit/MS Windows - 12/17/25 15:37:16 Page 4
Basic CGE Model 1.1
Model Statistics    SOLVE main_model Using MCP From line 197


LOOPS                                 tsim   base


MODEL STATISTICS

BLOCKS OF EQUATIONS          10     SINGLE EQUATIONS           10
BLOCKS OF VARIABLES          11     SINGLE VARIABLES           10
NON ZERO ELEMENTS            25     NON LINEAR N-Z             11
CODE LENGTH                  43     CONSTANT POOL              19


GENERATION TIME      =        0.016 SECONDS      4 MB  45.2.0 e4d2ee31 WEX-WEI
               L O O P S               tsim base

GAMS 45.2.0  e4d2ee31 Oct 30, 2023          WEX-WEI x86 64bit/MS Windows - 12/17/25 15:37:16 Page 5
Basic CGE Model 1.1
Solution Report     SOLVE main_model Using MCP From line 197


               S O L V E      S U M M A R Y

     MODEL   main_model          
     TYPE    MCP                 
     SOLVER  PATH                FROM LINE  197

**** SOLVER STATUS     1 Normal Completion
**** MODEL STATUS      1 Optimal

 RESOURCE USAGE, LIMIT          0.015 10000000000.000
 ITERATION COUNT, LIMIT         0    2147483647
 EVALUATION ERRORS              0             0
10 row/cols, 25 non-zeros, 25.00% dense.

Path 5.0.07 (Mon Oct 30 08:41:47 2023)
Written by Todd Munson, Steven Dirkse, Youngdae Kim, and Michael Ferris

INITIAL POINT STATISTICS
Maximum of X. . . . . . . . . .  1.1791e+02 var: (Q(base))
Maximum of F. . . . . . . . . .  0.0000e+00 eqn: (W_eq(base))
Maximum of Grad F . . . . . . .  1.5636e+02 eqn: (L_eq(base))
                                            var: (W(base))

INITIAL JACOBIAN NORM STATISTICS
Maximum Row Norm. . . . . . . .  1.5802e+02 eqn: (L_eq(base))
Minimum Row Norm. . . . . . . .  1.0000e+00 eqn: (W_eq(base))
Maximum Column Norm . . . . . .  1.5702e+02 var: (W(base))
Minimum Column Norm . . . . . .  1.0000e+00 var: (Q(base))

FINAL STATISTICS
Inf-Norm of Complementarity . .  0.0000e+00 eqn: (W_eq(base))
Inf-Norm of Normal Map. . . . .  0.0000e+00 eqn: (W_eq(base))
Inf-Norm of Minimum Map . . . .  0.0000e+00 eqn: (W_eq(base))
Inf-Norm of Fischer Function. .  0.0000e+00 eqn: (W_eq(base))
Inf-Norm of Grad Fischer Fcn. .  0.0000e+00 eqn: (W_eq(base))
Two-Norm of Grad Fischer Fcn. .  0.0000e+00

FINAL POINT STATISTICS
Maximum of X. . . . . . . . . .  1.1791e+02 var: (Q(base))
Maximum of F. . . . . . . . . .  0.0000e+00 eqn: (W_eq(base))
Maximum of Grad F . . . . . . .  1.5636e+02 eqn: (L_eq(base))
                                            var: (W(base))



**** REPORT SUMMARY :        0     NONOPT
                             0 INFEASIBLE
                             0  UNBOUNDED
                             0  REDEFINED
                             0     ERRORS
GAMS 45.2.0  e4d2ee31 Oct 30, 2023          WEX-WEI x86 64bit/MS Windows - 12/17/25 15:37:16 Page 6
Basic CGE Model 1.1
Range Statistics    SOLVE main_model Using MCP From line 197


RANGE STATISTICS (ABSOLUTE NON-ZERO FINITE VALUES)

RHS       [min, max] : [ 6.667E-01, 7.818E+01] - Zero values observed as well
Bound     [min, max] : [        NA,        NA] - Zero values observed as well
Matrix    [min, max] : [ 1.341E-02, 3.518E+02]

GAMS 45.2.0  e4d2ee31 Oct 30, 2023          WEX-WEI x86 64bit/MS Windows - 12/17/25 15:37:16 Page 7
Basic CGE Model 1.1
Model Statistics    SOLVE main_model Using MCP From line 197


LOOPS                                 tsim   homo


MODEL STATISTICS

BLOCKS OF EQUATIONS          10     SINGLE EQUATIONS           10
BLOCKS OF VARIABLES          11     SINGLE VARIABLES           10
NON ZERO ELEMENTS            25     NON LINEAR N-Z             11
CODE LENGTH                  44     CONSTANT POOL              21


GENERATION TIME      =        0.000 SECONDS      4 MB  45.2.0 e4d2ee31 WEX-WEI
               L O O P S               tsim homo

GAMS 45.2.0  e4d2ee31 Oct 30, 2023          WEX-WEI x86 64bit/MS Windows - 12/17/25 15:37:16 Page 8
Basic CGE Model 1.1
Solution Report     SOLVE main_model Using MCP From line 197


               S O L V E      S U M M A R Y

     MODEL   main_model          
     TYPE    MCP                 
     SOLVER  PATH                FROM LINE  197

**** SOLVER STATUS     1 Normal Completion
**** MODEL STATUS      1 Optimal

 RESOURCE USAGE, LIMIT          0.000 10000000000.000
 ITERATION COUNT, LIMIT         4    2147483647
 EVALUATION ERRORS              0             0
10 row/cols, 25 non-zeros, 25.00% dense.

Path 5.0.07 (Mon Oct 30 08:41:47 2023)
Written by Todd Munson, Steven Dirkse, Youngdae Kim, and Michael Ferris

INITIAL POINT STATISTICS
Maximum of X. . . . . . . . . .  1.1791e+02 var: (Q(homo))
Maximum of F. . . . . . . . . .  9.7725e+01 eqn: (L_eq(homo))
Maximum of Grad F . . . . . . .  3.5181e+02 eqn: (L_eq(homo))
                                            var: (W(homo))

INITIAL JACOBIAN NORM STATISTICS
Maximum Row Norm. . . . . . . .  3.5430e+02 eqn: (L_eq(homo))
Minimum Row Norm. . . . . . . .  1.0000e+00 eqn: (W_eq(homo))
Maximum Column Norm . . . . . .  3.5247e+02 var: (W(homo))
Minimum Column Norm . . . . . .  2.0000e+00 var: (L(homo))

FINAL STATISTICS
Inf-Norm of Complementarity . .  1.4211e-12 eqn: (L_eq(homo))
Inf-Norm of Normal Map. . . . .  1.4211e-12 eqn: (L_eq(homo))
Inf-Norm of Minimum Map . . . .  1.4211e-12 eqn: (L_eq(homo))
Inf-Norm of Fischer Function. .  1.4211e-12 eqn: (L_eq(homo))
Inf-Norm of Grad Fischer Fcn. .  1.4813e-10 eqn: (W_eq(homo))
Two-Norm of Grad Fischer Fcn. .  1.5314e-10

FINAL POINT STATISTICS
Maximum of X. . . . . . . . . .  1.1791e+02 var: (Q(homo))
Maximum of F. . . . . . . . . .  1.4211e-12 eqn: (L_eq(homo))
Maximum of Grad F . . . . . . .  1.0424e+02 eqn: (L_eq(homo))
                                            var: (W(homo))



**** REPORT SUMMARY :        0     NONOPT
                             0 INFEASIBLE
                             0  UNBOUNDED
                             0  REDEFINED
                             0     ERRORS
GAMS 45.2.0  e4d2ee31 Oct 30, 2023          WEX-WEI x86 64bit/MS Windows - 12/17/25 15:37:16 Page 9
Basic CGE Model 1.1
Range Statistics    SOLVE main_model Using MCP From line 197


RANGE STATISTICS (ABSOLUTE NON-ZERO FINITE VALUES)

RHS       [min, max] : [ 1.000E+00, 7.818E+01] - Zero values observed as well
Bound     [min, max] : [        NA,        NA] - Zero values observed as well
Matrix    [min, max] : [ 1.341E-02, 2.345E+02]

GAMS 45.2.0  e4d2ee31 Oct 30, 2023          WEX-WEI x86 64bit/MS Windows - 12/17/25 15:37:16 Page 10
Basic CGE Model 1.1
Model Statistics    SOLVE main_model Using MCP From line 197


LOOPS                                 tsim   labup


MODEL STATISTICS

BLOCKS OF EQUATIONS          10     SINGLE EQUATIONS           10
BLOCKS OF VARIABLES          11     SINGLE VARIABLES           10
NON ZERO ELEMENTS            25     NON LINEAR N-Z             11
CODE LENGTH                  44     CONSTANT POOL              21


GENERATION TIME      =        0.000 SECONDS      4 MB  45.2.0 e4d2ee31 WEX-WEI
               L O O P S               tsim labup

GAMS 45.2.0  e4d2ee31 Oct 30, 2023          WEX-WEI x86 64bit/MS Windows - 12/17/25 15:37:16 Page 11
Basic CGE Model 1.1
Solution Report     SOLVE main_model Using MCP From line 197


               S O L V E      S U M M A R Y

     MODEL   main_model          
     TYPE    MCP                 
     SOLVER  PATH                FROM LINE  197

**** SOLVER STATUS     1 Normal Completion
**** MODEL STATUS      1 Optimal

 RESOURCE USAGE, LIMIT          0.016 10000000000.000
 ITERATION COUNT, LIMIT         3    2147483647
 EVALUATION ERRORS              0             0
10 row/cols, 25 non-zeros, 25.00% dense.

Path 5.0.07 (Mon Oct 30 08:41:47 2023)
Written by Todd Munson, Steven Dirkse, Youngdae Kim, and Michael Ferris

INITIAL POINT STATISTICS
Maximum of X. . . . . . . . . .  1.1791e+02 var: (Q(labup))
Maximum of F. . . . . . . . . .  3.9090e+01 eqn: (L_eq(labup))
Maximum of Grad F . . . . . . .  2.3454e+02 eqn: (L_eq(labup))
                                            var: (W(labup))

INITIAL JACOBIAN NORM STATISTICS
Maximum Row Norm. . . . . . . .  2.3653e+02 eqn: (L_eq(labup))
Minimum Row Norm. . . . . . . .  1.0000e+00 eqn: (W_eq(labup))
Maximum Column Norm . . . . . .  2.3553e+02 var: (W(labup))
Minimum Column Norm . . . . . .  1.3315e+00 var: (Q(labup))

FINAL STATISTICS
Inf-Norm of Complementarity . .  6.5370e-07 eqn: (L_eq(labup))
Inf-Norm of Normal Map. . . . .  6.5370e-07 eqn: (L_eq(labup))
Inf-Norm of Minimum Map . . . .  6.5370e-07 eqn: (L_eq(labup))
Inf-Norm of Fischer Function. .  6.5370e-07 eqn: (L_eq(labup))
Inf-Norm of Grad Fischer Fcn. .  7.2634e-05 eqn: (W_eq(labup))
Two-Norm of Grad Fischer Fcn. .  7.2637e-05

FINAL POINT STATISTICS
Maximum of X. . . . . . . . . .  1.5567e+02 var: (Q(labup))
Maximum of F. . . . . . . . . .  6.5370e-07 eqn: (L_eq(labup))
Maximum of Grad F . . . . . . .  1.1111e+02 eqn: (L_eq(labup))
                                            var: (W(labup))



**** REPORT SUMMARY :        0     NONOPT
                             0 INFEASIBLE
                             0  UNBOUNDED
                             0  REDEFINED
                             0     ERRORS
GAMS 45.2.0  e4d2ee31 Oct 30, 2023          WEX-WEI x86 64bit/MS Windows - 12/17/25 15:37:16 Page 12
Basic CGE Model 1.1
Range Statistics    SOLVE main_model Using MCP From line 197


RANGE STATISTICS (ABSOLUTE NON-ZERO FINITE VALUES)

RHS       [min, max] : [ 1.000E+00, 7.818E+01] - Zero values observed as well
Bound     [min, max] : [        NA,        NA] - Zero values observed as well
Matrix    [min, max] : [ 1.341E-02, 1.564E+02]

GAMS 45.2.0  e4d2ee31 Oct 30, 2023          WEX-WEI x86 64bit/MS Windows - 12/17/25 15:37:16 Page 13
Basic CGE Model 1.1
Model Statistics    SOLVE main_model Using MCP From line 197


LOOPS                                 tsim   capup


MODEL STATISTICS

BLOCKS OF EQUATIONS          10     SINGLE EQUATIONS           10
BLOCKS OF VARIABLES          11     SINGLE VARIABLES           10
NON ZERO ELEMENTS            25     NON LINEAR N-Z             11
CODE LENGTH                  44     CONSTANT POOL              21


GENERATION TIME      =        0.000 SECONDS      4 MB  45.2.0 e4d2ee31 WEX-WEI
               L O O P S               tsim capup

GAMS 45.2.0  e4d2ee31 Oct 30, 2023          WEX-WEI x86 64bit/MS Windows - 12/17/25 15:37:16 Page 14
Basic CGE Model 1.1
Solution Report     SOLVE main_model Using MCP From line 197


               S O L V E      S U M M A R Y

     MODEL   main_model          
     TYPE    MCP                 
     SOLVER  PATH                FROM LINE  197

**** SOLVER STATUS     1 Normal Completion
**** MODEL STATUS      1 Optimal

 RESOURCE USAGE, LIMIT          0.016 10000000000.000
 ITERATION COUNT, LIMIT         3    2147483647
 EVALUATION ERRORS              0             0
10 row/cols, 25 non-zeros, 25.00% dense.

Path 5.0.07 (Mon Oct 30 08:41:47 2023)
Written by Todd Munson, Steven Dirkse, Youngdae Kim, and Michael Ferris

INITIAL POINT STATISTICS
Maximum of X. . . . . . . . . .  1.1791e+02 var: (Q(capup))
Maximum of F. . . . . . . . . .  1.9864e+01 eqn: (K_eq(capup))
Maximum of Grad F . . . . . . .  1.5636e+02 eqn: (L_eq(capup))
                                            var: (W(capup))

INITIAL JACOBIAN NORM STATISTICS
Maximum Row Norm. . . . . . . .  1.5802e+02 eqn: (L_eq(capup))
Minimum Row Norm. . . . . . . .  1.0000e+00 eqn: (W_eq(capup))
Maximum Column Norm . . . . . .  1.5702e+02 var: (W(capup))
Minimum Column Norm . . . . . .  1.1685e+00 var: (Q(capup))

FINAL STATISTICS
Inf-Norm of Complementarity . .  9.7748e-08 eqn: (K_eq(capup))
Inf-Norm of Normal Map. . . . .  9.7748e-08 eqn: (K_eq(capup))
Inf-Norm of Minimum Map . . . .  9.7748e-08 eqn: (K_eq(capup))
Inf-Norm of Fischer Function. .  9.7748e-08 eqn: (K_eq(capup))
Inf-Norm of Grad Fischer Fcn. .  5.8952e-06 eqn: (R_eq(capup))
Two-Norm of Grad Fischer Fcn. .  5.9008e-06

FINAL POINT STATISTICS
Maximum of X. . . . . . . . . .  1.3644e+02 var: (Q(capup))
Maximum of F. . . . . . . . . .  9.7748e-08 eqn: (K_eq(capup))
Maximum of Grad F . . . . . . .  1.4535e+02 eqn: (L_eq(capup))
                                            var: (W(capup))



**** REPORT SUMMARY :        0     NONOPT
                             0 INFEASIBLE
                             0  UNBOUNDED
                             0  REDEFINED
                             0     ERRORS
GAMS 45.2.0  e4d2ee31 Oct 30, 2023          WEX-WEI x86 64bit/MS Windows - 12/17/25 15:37:16 Page 15
Basic CGE Model 1.1
Range Statistics    SOLVE main_model Using MCP From line 197


RANGE STATISTICS (ABSOLUTE NON-ZERO FINITE VALUES)

RHS       [min, max] : [ 1.000E+00, 7.818E+01] - Zero values observed as well
Bound     [min, max] : [        NA,        NA] - Zero values observed as well
Matrix    [min, max] : [ 1.341E-02, 2.345E+02]

GAMS 45.2.0  e4d2ee31 Oct 30, 2023          WEX-WEI x86 64bit/MS Windows - 12/17/25 15:37:16 Page 16
Basic CGE Model 1.1
Model Statistics    SOLVE main_model Using MCP From line 197


LOOPS                                 tsim   totup


MODEL STATISTICS

BLOCKS OF EQUATIONS          10     SINGLE EQUATIONS           10
BLOCKS OF VARIABLES          11     SINGLE VARIABLES           10
NON ZERO ELEMENTS            25     NON LINEAR N-Z             11
CODE LENGTH                  45     CONSTANT POOL              22


GENERATION TIME      =        0.016 SECONDS      4 MB  45.2.0 e4d2ee31 WEX-WEI
               L O O P S               tsim totup

GAMS 45.2.0  e4d2ee31 Oct 30, 2023          WEX-WEI x86 64bit/MS Windows - 12/17/25 15:37:16 Page 17
Basic CGE Model 1.1
Solution Report     SOLVE main_model Using MCP From line 197


               S O L V E      S U M M A R Y

     MODEL   main_model          
     TYPE    MCP                 
     SOLVER  PATH                FROM LINE  197

**** SOLVER STATUS     1 Normal Completion
**** MODEL STATUS      1 Optimal

 RESOURCE USAGE, LIMIT          0.016 10000000000.000
 ITERATION COUNT, LIMIT         4    2147483647
 EVALUATION ERRORS              0             0
10 row/cols, 25 non-zeros, 25.00% dense.

Path 5.0.07 (Mon Oct 30 08:41:47 2023)
Written by Todd Munson, Steven Dirkse, Youngdae Kim, and Michael Ferris

INITIAL POINT STATISTICS
Maximum of X. . . . . . . . . .  1.1791e+02 var: (Q(totup))
Maximum of F. . . . . . . . . .  3.9090e+01 eqn: (L_eq(totup))
Maximum of Grad F . . . . . . .  2.3454e+02 eqn: (L_eq(totup))
                                            var: (W(totup))

INITIAL JACOBIAN NORM STATISTICS
Maximum Row Norm. . . . . . . .  2.3653e+02 eqn: (L_eq(totup))
Minimum Row Norm. . . . . . . .  1.0000e+00 eqn: (W_eq(totup))
Maximum Column Norm . . . . . .  2.3553e+02 var: (W(totup))
Minimum Column Norm . . . . . .  1.5000e+00 var: (Q(totup))

FINAL STATISTICS
Inf-Norm of Complementarity . .  7.8543e-14 eqn: (Q_eq(totup))
Inf-Norm of Normal Map. . . . .  1.4211e-14 eqn: (L_eq(totup))
Inf-Norm of Minimum Map . . . .  1.4211e-14 eqn: (L_eq(totup))
Inf-Norm of Fischer Function. .  1.4211e-14 eqn: (L_eq(totup))
Inf-Norm of Grad Fischer Fcn. .  1.4815e-12 eqn: (W_eq(totup))
Two-Norm of Grad Fischer Fcn. .  1.6620e-12

FINAL POINT STATISTICS
Maximum of X. . . . . . . . . .  1.7686e+02 var: (Q(totup))
Maximum of F. . . . . . . . . .  1.4211e-14 eqn: (L_eq(totup))
Maximum of Grad F . . . . . . .  1.0424e+02 eqn: (L_eq(totup))
                                            var: (W(totup))



**** REPORT SUMMARY :        0     NONOPT
                             0 INFEASIBLE
                             0  UNBOUNDED
                             0  REDEFINED
                             0     ERRORS
GAMS 45.2.0  e4d2ee31 Oct 30, 2023          WEX-WEI x86 64bit/MS Windows - 12/17/25 15:37:16 Page 18
Basic CGE Model 1.1
E x e c u t i o n


----    234 PARAMETER pck  Check changes in P

homo 50.000


----    234 PARAMETER wck  Check changes in W

homo  50.000,    labup 40.726,    capup  7.573,    totup 50.000


----    234 PARAMETER rck  Check changes in R

homo  50.000,    labup 14.902,    capup 31.749,    totup 50.000


----    235 PARAMETER lck  Check changes in L

                      ( ALL       0.000 )


----    235 PARAMETER kck  Check changes in K

                      ( ALL       0.000 )


----    235 PARAMETER qck  Check changes in Q

homo  1.75966E-12,    labup      32.025,    capup      15.719,    totup      50.000


----    235 PARAMETER yck  Check changes in Y

homo  50.000,    labup 32.025,    capup 15.719,    totup 50.000


----    235 PARAMETER cck  Check changes in C

homo  50.000,    labup 32.025,    capup 15.719,    totup 50.000


----    235 PARAMETER ick  Check changes in I

homo  50.000,    labup 32.025,    capup 15.719,    totup 50.000


----    235 PARAMETER uck  Check changes in U

homo  -2.0600E-14,    labup       6.444,    capup       3.386,    totup       9.404


----    237 VARIABLE P.L  Price of goods

base  1.000,    homo  1.500,    labup 1.000,    capup 1.000,    totup 1.000


----    237 VARIABLE W.L  Price of labor (wages)

base  1.000,    homo  1.500,    labup 1.407,    capup 1.076,    totup 1.500


----    237 VARIABLE R.L  Price of capital (rents)

base  1.000,    homo  1.500,    labup 1.149,    capup 1.317,    totup 1.500


----    238 VARIABLE L.L  Quantities of labor

base  78.180,    homo  78.180,    labup 78.180,    capup 78.180,    totup 78.180


----    238 VARIABLE K.L  Quantities of capital

base  39.728,    homo  39.728,    labup 39.728,    capup 39.728,    totup 39.728


----    238 VARIABLE Q.L  Quantities of goods

base  117.908,    homo  117.908,    labup 155.667,    capup 136.441,    totup 176.862


----    238 VARIABLE Y.L  Values of households income

base  117.908,    homo  176.862,    labup 155.667,    capup 136.441,    totup 176.862


----    238 VARIABLE C.L  Values of households consumption

base   74.556,    homo  111.834,    labup  98.432,    capup  86.275,    totup 111.834


----    238 VARIABLE I.L  Values of investment expenditures

base  43.352,    homo  65.028,    labup 57.235,    capup 50.166,    totup 65.028


----    238 VARIABLE U.L  Values of households utility

base  4.312,    homo  4.312,    labup 4.589,    capup 4.458,    totup 4.717


----    238 VARIABLE D.L  Dummy variable for WALRAS test

base  2.13163E-14,    homo  -2.1103E-12,    labup -6.54349E-7,    capup -9.05617E-8,    totup 5.68434E-14



EXECUTION TIME       =        0.453 SECONDS      4 MB  45.2.0 e4d2ee31 WEX-WEI


USER: Medium MUD - 10 User License                   S230614|0002AO-WIN
      Tianjin University of Technology, School of Management    DC16610
      License for teaching and research at degree granting institutions


**** FILE SUMMARY

Input      D:\Leo Yan\OneDrive\Academic\CGE Projects\Basic CGE model\gams\BA-CGE_1.1.gms
Output     D:\Leo Yan\OneDrive\Academic\CGE Projects\Basic CGE model\gams\BA-CGE_1.1.lst
